Startpoint: _7530_ (rising edge-triggered flip-flop clocked by clk)
Endpoint: _7530_ (rising edge-triggered flip-flop clocked by clk)
Path Group: clk
Path Type: min

  Delay    Time   Description
---------------------------------------------------------
   0.00    0.00   clock clk (rise edge)
   0.00    0.00   clock network delay (ideal)
   0.00    0.00 ^ _7530_/CLK (sky130_fd_sc_hd__dfxtp_4)
   0.25    0.25 v _7530_/Q (sky130_fd_sc_hd__dfxtp_4)
   0.07    0.32 ^ _4957_/Y (sky130_fd_sc_hd__nor2_4)
   0.03    0.35 v _4959_/Y (sky130_fd_sc_hd__nor3_4)
   0.00    0.35 v _7530_/D (sky130_fd_sc_hd__dfxtp_4)
           0.35   data arrival time

   0.00    0.00   clock clk (rise edge)
   0.00    0.00   clock network delay (ideal)
   0.00    0.00   clock reconvergence pessimism
           0.00 ^ _7530_/CLK (sky130_fd_sc_hd__dfxtp_4)
   0.01    0.01   library hold time
           0.01   data required time
---------------------------------------------------------
           0.01   data required time
          -0.35   data arrival time
---------------------------------------------------------
           0.34   slack (MET)


Startpoint: clb_output[3] (input port clocked by clk)
Endpoint: clb_input[4] (output port clocked by clk)
Path Group: clk
Path Type: max

  Delay    Time   Description
---------------------------------------------------------
   0.00    0.00   clock clk (rise edge)
   0.00    0.00   clock network delay (ideal)
   2.00    2.00 ^ input external delay
   0.05    2.05 ^ clb_output[3] (in)
   0.05    2.10 v _5065_/Y (sky130_fd_sc_hd__inv_8)
   0.13    2.23 v psn_inst_psn_buff_10/X (sky130_fd_sc_hd__buf_1)
   0.21    2.45 v _5066_/X (sky130_fd_sc_hd__buf_1)
   0.86    3.31 v _5211_/X (sky130_fd_sc_hd__or4_4)
   0.28    3.59 v _5212_/X (sky130_fd_sc_hd__o21a_4)
   0.10    3.69 ^ _5294_/Y (sky130_fd_sc_hd__inv_8)
   0.20    3.89 v _6105_/Y (sky130_fd_sc_hd__a32oi_4)
   0.23    4.12 ^ _6107_/Y (sky130_fd_sc_hd__o21ai_4)
   0.42    4.54 ^ _6111_/X (sky130_fd_sc_hd__a32o_4)
   0.17    4.70 ^ psn_inst_psn_buff_3/X (sky130_fd_sc_hd__buf_1)
   0.21    4.91 ^ _6112_/X (sky130_fd_sc_hd__buf_1)
   0.24    5.15 ^ psn_inst_psn_buff_0/X (sky130_fd_sc_hd__buf_8)
   0.25    5.40 ^ psn_inst_psn_buff_22/X (sky130_fd_sc_hd__buf_1)
   0.14    5.54 v _6340_/Y (sky130_fd_sc_hd__a21oi_4)
   0.95    6.48 v _6341_/X (sky130_fd_sc_hd__or4_4)
   0.60    7.08 v _6346_/X (sky130_fd_sc_hd__a211o_4)
   0.56    7.64 v _6352_/X (sky130_fd_sc_hd__a211o_4)
   0.56    8.20 v _6357_/X (sky130_fd_sc_hd__a211o_4)
   0.55    8.76 v _6361_/X (sky130_fd_sc_hd__a211o_4)
   0.23    8.99 v _6364_/X (sky130_fd_sc_hd__and2_4)
   0.62    9.61 v _6365_/X (sky130_fd_sc_hd__or3_4)
   0.25    9.87 v _6367_/X (sky130_fd_sc_hd__and2_4)
   0.66   10.53 v _6368_/X (sky130_fd_sc_hd__or3_4)
   0.10   10.63 ^ _6370_/Y (sky130_fd_sc_hd__nand2_4)
   0.25   10.88 ^ _6372_/X (sky130_fd_sc_hd__and2_4)
   0.20   11.08 ^ _6373_/X (sky130_fd_sc_hd__or2_4)
   0.09   11.17 v _6374_/Y (sky130_fd_sc_hd__o21ai_4)
   0.26   11.44 v _6375_/X (sky130_fd_sc_hd__and2_4)
   0.41   11.85 v _6377_/X (sky130_fd_sc_hd__or2_4)
   0.26   12.10 v _6378_/X (sky130_fd_sc_hd__and2_4)
   0.22   12.33 ^ _6380_/Y (sky130_fd_sc_hd__nor2_4)
   0.01   12.34 ^ clb_input[4] (out)
          12.34   data arrival time

  10.00   10.00   clock clk (rise edge)
   0.00   10.00   clock network delay (ideal)
   0.00   10.00   clock reconvergence pessimism
  -2.00    8.00   output external delay
           8.00   data required time
---------------------------------------------------------
           8.00   data required time
         -12.34   data arrival time
---------------------------------------------------------
          -4.34   slack (VIOLATED)


