
25. Executing CHECK pass (checking for obvious problems).
checking module clb_tile..
Warning: Wire clb_tile.\west_single_out [3] is used but has no driver.
Warning: Wire clb_tile.\west_single_out [2] is used but has no driver.
Warning: Wire clb_tile.\west_single_out [1] is used but has no driver.
Warning: Wire clb_tile.\west_single_out [0] is used but has no driver.
Warning: Wire clb_tile.\west_double_out [3] is used but has no driver.
Warning: Wire clb_tile.\west_double_out [2] is used but has no driver.
Warning: Wire clb_tile.\west_double_out [1] is used but has no driver.
Warning: Wire clb_tile.\west_double_out [0] is used but has no driver.
Warning: Wire clb_tile.\south_single_out [3] is used but has no driver.
Warning: Wire clb_tile.\south_single_out [2] is used but has no driver.
Warning: Wire clb_tile.\south_single_out [1] is used but has no driver.
Warning: Wire clb_tile.\south_single_out [0] is used but has no driver.
Warning: Wire clb_tile.\south_double_out [3] is used but has no driver.
Warning: Wire clb_tile.\south_double_out [2] is used but has no driver.
Warning: Wire clb_tile.\south_double_out [1] is used but has no driver.
Warning: Wire clb_tile.\south_double_out [0] is used but has no driver.
Warning: Wire clb_tile.\north_single_out [3] is used but has no driver.
Warning: Wire clb_tile.\north_single_out [2] is used but has no driver.
Warning: Wire clb_tile.\north_single_out [1] is used but has no driver.
Warning: Wire clb_tile.\north_single_out [0] is used but has no driver.
Warning: Wire clb_tile.\north_double_out [3] is used but has no driver.
Warning: Wire clb_tile.\north_double_out [2] is used but has no driver.
Warning: Wire clb_tile.\north_double_out [1] is used but has no driver.
Warning: Wire clb_tile.\north_double_out [0] is used but has no driver.
Warning: Wire clb_tile.\north_clb_input [31] is used but has no driver.
Warning: Wire clb_tile.\north_clb_input [30] is used but has no driver.
Warning: Wire clb_tile.\north_clb_input [29] is used but has no driver.
Warning: Wire clb_tile.\north_clb_input [28] is used but has no driver.
Warning: Wire clb_tile.\north_clb_input [27] is used but has no driver.
Warning: Wire clb_tile.\north_clb_input [26] is used but has no driver.
Warning: Wire clb_tile.\north_clb_input [25] is used but has no driver.
Warning: Wire clb_tile.\north_clb_input [24] is used but has no driver.
Warning: Wire clb_tile.\north_clb_input [23] is used but has no driver.
Warning: Wire clb_tile.\north_clb_input [22] is used but has no driver.
Warning: Wire clb_tile.\north_clb_input [21] is used but has no driver.
Warning: Wire clb_tile.\north_clb_input [20] is used but has no driver.
Warning: Wire clb_tile.\north_clb_input [19] is used but has no driver.
Warning: Wire clb_tile.\north_clb_input [18] is used but has no driver.
Warning: Wire clb_tile.\north_clb_input [17] is used but has no driver.
Warning: Wire clb_tile.\north_clb_input [16] is used but has no driver.
Warning: Wire clb_tile.\north_clb_input [15] is used but has no driver.
Warning: Wire clb_tile.\north_clb_input [14] is used but has no driver.
Warning: Wire clb_tile.\north_clb_input [13] is used but has no driver.
Warning: Wire clb_tile.\north_clb_input [12] is used but has no driver.
Warning: Wire clb_tile.\north_clb_input [11] is used but has no driver.
Warning: Wire clb_tile.\north_clb_input [10] is used but has no driver.
Warning: Wire clb_tile.\north_clb_input [9] is used but has no driver.
Warning: Wire clb_tile.\north_clb_input [8] is used but has no driver.
Warning: Wire clb_tile.\north_clb_input [7] is used but has no driver.
Warning: Wire clb_tile.\north_clb_input [6] is used but has no driver.
Warning: Wire clb_tile.\north_clb_input [5] is used but has no driver.
Warning: Wire clb_tile.\north_clb_input [4] is used but has no driver.
Warning: Wire clb_tile.\north_clb_input [3] is used but has no driver.
Warning: Wire clb_tile.\north_clb_input [2] is used but has no driver.
Warning: Wire clb_tile.\north_clb_input [1] is used but has no driver.
Warning: Wire clb_tile.\north_clb_input [0] is used but has no driver.
Warning: Wire clb_tile.\north_clb_cin is used but has no driver.
Warning: Wire clb_tile.\east_single_out [3] is used but has no driver.
Warning: Wire clb_tile.\east_single_out [2] is used but has no driver.
Warning: Wire clb_tile.\east_single_out [1] is used but has no driver.
Warning: Wire clb_tile.\east_single_out [0] is used but has no driver.
Warning: Wire clb_tile.\east_double_out [3] is used but has no driver.
Warning: Wire clb_tile.\east_double_out [2] is used but has no driver.
Warning: Wire clb_tile.\east_double_out [1] is used but has no driver.
Warning: Wire clb_tile.\east_double_out [0] is used but has no driver.
Warning: Wire clb_tile.\east_clb_input [31] is used but has no driver.
Warning: Wire clb_tile.\east_clb_input [30] is used but has no driver.
Warning: Wire clb_tile.\east_clb_input [29] is used but has no driver.
Warning: Wire clb_tile.\east_clb_input [28] is used but has no driver.
Warning: Wire clb_tile.\east_clb_input [27] is used but has no driver.
Warning: Wire clb_tile.\east_clb_input [26] is used but has no driver.
Warning: Wire clb_tile.\east_clb_input [25] is used but has no driver.
Warning: Wire clb_tile.\east_clb_input [24] is used but has no driver.
Warning: Wire clb_tile.\east_clb_input [23] is used but has no driver.
Warning: Wire clb_tile.\east_clb_input [22] is used but has no driver.
Warning: Wire clb_tile.\east_clb_input [21] is used but has no driver.
Warning: Wire clb_tile.\east_clb_input [20] is used but has no driver.
Warning: Wire clb_tile.\east_clb_input [19] is used but has no driver.
Warning: Wire clb_tile.\east_clb_input [18] is used but has no driver.
Warning: Wire clb_tile.\east_clb_input [17] is used but has no driver.
Warning: Wire clb_tile.\east_clb_input [16] is used but has no driver.
Warning: Wire clb_tile.\east_clb_input [15] is used but has no driver.
Warning: Wire clb_tile.\east_clb_input [14] is used but has no driver.
Warning: Wire clb_tile.\east_clb_input [13] is used but has no driver.
Warning: Wire clb_tile.\east_clb_input [12] is used but has no driver.
Warning: Wire clb_tile.\east_clb_input [11] is used but has no driver.
Warning: Wire clb_tile.\east_clb_input [10] is used but has no driver.
Warning: Wire clb_tile.\east_clb_input [9] is used but has no driver.
Warning: Wire clb_tile.\east_clb_input [8] is used but has no driver.
Warning: Wire clb_tile.\east_clb_input [7] is used but has no driver.
Warning: Wire clb_tile.\east_clb_input [6] is used but has no driver.
Warning: Wire clb_tile.\east_clb_input [5] is used but has no driver.
Warning: Wire clb_tile.\east_clb_input [4] is used but has no driver.
Warning: Wire clb_tile.\east_clb_input [3] is used but has no driver.
Warning: Wire clb_tile.\east_clb_input [2] is used but has no driver.
Warning: Wire clb_tile.\east_clb_input [1] is used but has no driver.
Warning: Wire clb_tile.\east_clb_input [0] is used but has no driver.
Warning: Wire clb_tile.\east_clb_cin is used but has no driver.
Warning: Wire clb_tile.\clb_output_west [7] is used but has no driver.
Warning: Wire clb_tile.\clb_output_west [6] is used but has no driver.
Warning: Wire clb_tile.\clb_output_west [5] is used but has no driver.
Warning: Wire clb_tile.\clb_output_west [4] is used but has no driver.
Warning: Wire clb_tile.\clb_output_west [3] is used but has no driver.
Warning: Wire clb_tile.\clb_output_west [2] is used but has no driver.
Warning: Wire clb_tile.\clb_output_west [1] is used but has no driver.
Warning: Wire clb_tile.\clb_output_west [0] is used but has no driver.
Warning: Wire clb_tile.\clb_output_south [7] is used but has no driver.
Warning: Wire clb_tile.\clb_output_south [6] is used but has no driver.
Warning: Wire clb_tile.\clb_output_south [5] is used but has no driver.
Warning: Wire clb_tile.\clb_output_south [4] is used but has no driver.
Warning: Wire clb_tile.\clb_output_south [3] is used but has no driver.
Warning: Wire clb_tile.\clb_output_south [2] is used but has no driver.
Warning: Wire clb_tile.\clb_output_south [1] is used but has no driver.
Warning: Wire clb_tile.\clb_output_south [0] is used but has no driver.
Warning: Wire clb_tile.\clb_input [31] is used but has no driver.
Warning: Wire clb_tile.\clb_input [30] is used but has no driver.
Warning: Wire clb_tile.\clb_input [29] is used but has no driver.
Warning: Wire clb_tile.\clb_input [28] is used but has no driver.
Warning: Wire clb_tile.\clb_input [27] is used but has no driver.
Warning: Wire clb_tile.\clb_input [26] is used but has no driver.
Warning: Wire clb_tile.\clb_input [25] is used but has no driver.
Warning: Wire clb_tile.\clb_input [24] is used but has no driver.
Warning: Wire clb_tile.\clb_input [23] is used but has no driver.
Warning: Wire clb_tile.\clb_input [22] is used but has no driver.
Warning: Wire clb_tile.\clb_input [21] is used but has no driver.
Warning: Wire clb_tile.\clb_input [20] is used but has no driver.
Warning: Wire clb_tile.\clb_input [19] is used but has no driver.
Warning: Wire clb_tile.\clb_input [18] is used but has no driver.
Warning: Wire clb_tile.\clb_input [17] is used but has no driver.
Warning: Wire clb_tile.\clb_input [16] is used but has no driver.
Warning: Wire clb_tile.\clb_input [15] is used but has no driver.
Warning: Wire clb_tile.\clb_input [14] is used but has no driver.
Warning: Wire clb_tile.\clb_input [13] is used but has no driver.
Warning: Wire clb_tile.\clb_input [12] is used but has no driver.
Warning: Wire clb_tile.\clb_input [11] is used but has no driver.
Warning: Wire clb_tile.\clb_input [10] is used but has no driver.
Warning: Wire clb_tile.\clb_input [9] is used but has no driver.
Warning: Wire clb_tile.\clb_input [8] is used but has no driver.
Warning: Wire clb_tile.\clb_input [7] is used but has no driver.
Warning: Wire clb_tile.\clb_input [6] is used but has no driver.
Warning: Wire clb_tile.\clb_input [5] is used but has no driver.
Warning: Wire clb_tile.\clb_input [4] is used but has no driver.
Warning: Wire clb_tile.\clb_input [3] is used but has no driver.
Warning: Wire clb_tile.\clb_input [2] is used but has no driver.
Warning: Wire clb_tile.\clb_input [1] is used but has no driver.
Warning: Wire clb_tile.\clb_input [0] is used but has no driver.
Warning: Wire clb_tile.\clb_cout_west is used but has no driver.
Warning: Wire clb_tile.\clb_cout_south is used but has no driver.
Warning: Wire clb_tile.\clb_cin is used but has no driver.
found and reported 149 problems.
